Archive member included to satisfy reference by file (symbol)

c:/elvees/mcstudio_mc-30sf6_2023.08_66/toolsmgcc/bin/../lib/gcc/mipsel-elf32/4.8.1/../../../../mipsel-elf32/lib\libc.a(lib_a-atexit.o)
                              c:/elvees/mcstudio_mc-30sf6_2023.08_66/toolsmgcc/bin/../lib/gcc/mipsel-elf32/4.8.1/../../../../mipsel-elf32/lib/crt0.o (atexit)
c:/elvees/mcstudio_mc-30sf6_2023.08_66/toolsmgcc/bin/../lib/gcc/mipsel-elf32/4.8.1/../../../../mipsel-elf32/lib\libc.a(lib_a-exit.o)
                              c:/elvees/mcstudio_mc-30sf6_2023.08_66/toolsmgcc/bin/../lib/gcc/mipsel-elf32/4.8.1/../../../../mipsel-elf32/lib/crt0.o (exit)
c:/elvees/mcstudio_mc-30sf6_2023.08_66/toolsmgcc/bin/../lib/gcc/mipsel-elf32/4.8.1/../../../../mipsel-elf32/lib\libc.a(lib_a-impure.o)
                              c:/elvees/mcstudio_mc-30sf6_2023.08_66/toolsmgcc/bin/../lib/gcc/mipsel-elf32/4.8.1/../../../../mipsel-elf32/lib\libc.a(lib_a-exit.o) (_global_impure_ptr)
c:/elvees/mcstudio_mc-30sf6_2023.08_66/toolsmgcc/bin/../lib/gcc/mipsel-elf32/4.8.1/../../../../mipsel-elf32/lib\libc.a(lib_a-__atexit.o)
                              c:/elvees/mcstudio_mc-30sf6_2023.08_66/toolsmgcc/bin/../lib/gcc/mipsel-elf32/4.8.1/../../../../mipsel-elf32/lib\libc.a(lib_a-atexit.o) (__register_exitproc)
c:/elvees/mcstudio_mc-30sf6_2023.08_66/toolsmgcc/bin/../lib/gcc/mipsel-elf32/4.8.1/../../../../mipsel-elf32/lib\libc.a(lib_a-__call_atexit.o)
                              c:/elvees/mcstudio_mc-30sf6_2023.08_66/toolsmgcc/bin/../lib/gcc/mipsel-elf32/4.8.1/../../../../mipsel-elf32/lib\libc.a(lib_a-exit.o) (__call_exitprocs)

Allocating common symbols
Common symbol       size              file

finimsec            0x4               ./risc_runtime/risc_cp0_timer.o
startmsec           0x4               ./risc_runtime/risc_cp0_timer.o

Discarded input sections

 .reginfo       0x0000000000000000       0x18 c:/elvees/mcstudio_mc-30sf6_2023.08_66/toolsmgcc/bin/../lib/gcc/mipsel-elf32/4.8.1/crtbegin.o
 .MIPS.abiflags
                0x0000000000000000       0x18 c:/elvees/mcstudio_mc-30sf6_2023.08_66/toolsmgcc/bin/../lib/gcc/mipsel-elf32/4.8.1/crtbegin.o
 .reginfo       0x0000000000000000       0x18 c:/elvees/mcstudio_mc-30sf6_2023.08_66/toolsmgcc/bin/../lib/gcc/mipsel-elf32/4.8.1/../../../../mipsel-elf32/lib/crt0.o
 .MIPS.abiflags
                0x0000000000000000       0x18 c:/elvees/mcstudio_mc-30sf6_2023.08_66/toolsmgcc/bin/../lib/gcc/mipsel-elf32/4.8.1/../../../../mipsel-elf32/lib/crt0.o
 .reginfo       0x0000000000000000       0x18 ./risc_runtime/risc_cp0_timer.o
 .MIPS.abiflags
                0x0000000000000000       0x18 ./risc_runtime/risc_cp0_timer.o
 .reginfo       0x0000000000000000       0x18 ./risc_runtime/risc_interrupt.o
 .MIPS.abiflags
                0x0000000000000000       0x18 ./risc_runtime/risc_interrupt.o
 .reginfo       0x0000000000000000       0x18 ./risc_runtime/risc_interrupt_handler.o
 .MIPS.abiflags
                0x0000000000000000       0x18 ./risc_runtime/risc_interrupt_handler.o
 .reginfo       0x0000000000000000       0x18 ./risc_runtime/risc_timer.o
 .MIPS.abiflags
                0x0000000000000000       0x18 ./risc_runtime/risc_timer.o
 .reginfo       0x0000000000000000       0x18 ./risc_runtime/system.o
 .MIPS.abiflags
                0x0000000000000000       0x18 ./risc_runtime/system.o
 .reginfo       0x0000000000000000       0x18 ./main.o
 .MIPS.abiflags
                0x0000000000000000       0x18 ./main.o
 .reginfo       0x0000000000000000       0x18 c:/elvees/mcstudio_mc-30sf6_2023.08_66/toolsmgcc/bin/../lib/gcc/mipsel-elf32/4.8.1/../../../../mipsel-elf32/lib\libc.a(lib_a-atexit.o)
 .MIPS.abiflags
                0x0000000000000000       0x18 c:/elvees/mcstudio_mc-30sf6_2023.08_66/toolsmgcc/bin/../lib/gcc/mipsel-elf32/4.8.1/../../../../mipsel-elf32/lib\libc.a(lib_a-atexit.o)
 .reginfo       0x0000000000000000       0x18 c:/elvees/mcstudio_mc-30sf6_2023.08_66/toolsmgcc/bin/../lib/gcc/mipsel-elf32/4.8.1/../../../../mipsel-elf32/lib\libc.a(lib_a-exit.o)
 .MIPS.abiflags
                0x0000000000000000       0x18 c:/elvees/mcstudio_mc-30sf6_2023.08_66/toolsmgcc/bin/../lib/gcc/mipsel-elf32/4.8.1/../../../../mipsel-elf32/lib\libc.a(lib_a-exit.o)
 .reginfo       0x0000000000000000       0x18 c:/elvees/mcstudio_mc-30sf6_2023.08_66/toolsmgcc/bin/../lib/gcc/mipsel-elf32/4.8.1/../../../../mipsel-elf32/lib\libc.a(lib_a-impure.o)
 .MIPS.abiflags
                0x0000000000000000       0x18 c:/elvees/mcstudio_mc-30sf6_2023.08_66/toolsmgcc/bin/../lib/gcc/mipsel-elf32/4.8.1/../../../../mipsel-elf32/lib\libc.a(lib_a-impure.o)
 .reginfo       0x0000000000000000       0x18 c:/elvees/mcstudio_mc-30sf6_2023.08_66/toolsmgcc/bin/../lib/gcc/mipsel-elf32/4.8.1/../../../../mipsel-elf32/lib\libc.a(lib_a-__atexit.o)
 .MIPS.abiflags
                0x0000000000000000       0x18 c:/elvees/mcstudio_mc-30sf6_2023.08_66/toolsmgcc/bin/../lib/gcc/mipsel-elf32/4.8.1/../../../../mipsel-elf32/lib\libc.a(lib_a-__atexit.o)
 .reginfo       0x0000000000000000       0x18 c:/elvees/mcstudio_mc-30sf6_2023.08_66/toolsmgcc/bin/../lib/gcc/mipsel-elf32/4.8.1/../../../../mipsel-elf32/lib\libc.a(lib_a-__call_atexit.o)
 .MIPS.abiflags
                0x0000000000000000       0x18 c:/elvees/mcstudio_mc-30sf6_2023.08_66/toolsmgcc/bin/../lib/gcc/mipsel-elf32/4.8.1/../../../../mipsel-elf32/lib\libc.a(lib_a-__call_atexit.o)
 .reginfo       0x0000000000000000       0x18 c:/elvees/mcstudio_mc-30sf6_2023.08_66/toolsmgcc/bin/../lib/gcc/mipsel-elf32/4.8.1/crtend.o
 .MIPS.abiflags
                0x0000000000000000       0x18 c:/elvees/mcstudio_mc-30sf6_2023.08_66/toolsmgcc/bin/../lib/gcc/mipsel-elf32/4.8.1/crtend.o
 .reginfo       0x0000000000000000       0x18 c:/elvees/mcstudio_mc-30sf6_2023.08_66/toolsmgcc/bin/../lib/gcc/mipsel-elf32/4.8.1/crtn.o
 .MIPS.abiflags
                0x0000000000000000       0x18 c:/elvees/mcstudio_mc-30sf6_2023.08_66/toolsmgcc/bin/../lib/gcc/mipsel-elf32/4.8.1/crtn.o

Memory Configuration

Name             Origin             Length             Attributes
*default*        0x0000000000000000 0xffffffffffffffff

Linker script and memory map

LOAD c:/elvees/mcstudio_mc-30sf6_2023.08_66/toolsmgcc/bin/../lib/gcc/mipsel-elf32/4.8.1/crti.o
LOAD c:/elvees/mcstudio_mc-30sf6_2023.08_66/toolsmgcc/bin/../lib/gcc/mipsel-elf32/4.8.1/crtbegin.o
LOAD c:/elvees/mcstudio_mc-30sf6_2023.08_66/toolsmgcc/bin/../lib/gcc/mipsel-elf32/4.8.1/../../../../mipsel-elf32/lib/crt0.o
LOAD ./risc_runtime/risc_cp0_timer.o
LOAD ./risc_runtime/risc_interrupt.o
LOAD ./risc_runtime/risc_interrupt_handler.o
LOAD ./risc_runtime/risc_timer.o
LOAD ./risc_runtime/system.o
LOAD ./main.o
LOAD __DSP0__.o
LOAD __DSP1__.o
LOAD __DSP2__.o
LOAD __DSP3__.o
LOAD c:/elvees/mcstudio_mc-30sf6_2023.08_66/toolsmgcc/bin/../lib/gcc/mipsel-elf32/4.8.1/../../../../mipsel-elf32/lib\libm.a
LOAD c:/elvees/mcstudio_mc-30sf6_2023.08_66/toolsmgcc/bin/../lib/gcc/mipsel-elf32/4.8.1/../../../../mipsel-elf32/lib\libc.a
LOAD c:/elvees/mcstudio_mc-30sf6_2023.08_66/toolsmgcc/bin/../lib/gcc/mipsel-elf32/4.8.1/../../../../mipsel-elf32/lib\libnosys.a
LOAD c:/elvees/mcstudio_mc-30sf6_2023.08_66/toolsmgcc/bin/../lib/gcc/mipsel-elf32/4.8.1\libgcc.a
LOAD c:/elvees/mcstudio_mc-30sf6_2023.08_66/toolsmgcc/bin/../lib/gcc/mipsel-elf32/4.8.1\libgcc.a
LOAD c:/elvees/mcstudio_mc-30sf6_2023.08_66/toolsmgcc/bin/../lib/gcc/mipsel-elf32/4.8.1\libgcc.a
LOAD c:/elvees/mcstudio_mc-30sf6_2023.08_66/toolsmgcc/bin/../lib/gcc/mipsel-elf32/4.8.1/crtend.o
LOAD c:/elvees/mcstudio_mc-30sf6_2023.08_66/toolsmgcc/bin/../lib/gcc/mipsel-elf32/4.8.1/crtn.o
TARGET(elf32-littlemips)
                [!provide]                        PROVIDE (_mem_size, 0x800)
                0x0000000080000180                . = 0x80000180

.textI          0x0000000080000180      0x200
 ./risc_runtime/risc_interrupt_handler.o(.text)
 .text          0x0000000080000180        0x0 ./risc_runtime/risc_interrupt_handler.o
 .textI         0x0000000080000180      0x200 ./risc_runtime/risc_interrupt_handler.o
                0x0000000080001000                . = 0x80001000

.text           0x0000000080001000     0x2278
 ./risc_runtime/risc_cp0_timer.o(.text)
 .text          0x0000000080001000      0x2f0 ./risc_runtime/risc_cp0_timer.o
                0x0000000080001000                starttime
                0x0000000080001054                stoptime
                0x0000000080001094                gettime
                0x00000000800010cc                __clock
                0x0000000080001104                risc_cp0_tics_start
                0x0000000080001130                risc_cp0_tics_get
                0x00000000800011c0                risc_cp0_ms_get
 ./risc_runtime/risc_interrupt.o(.text)
 .text          0x00000000800012f0      0xf34 ./risc_runtime/risc_interrupt.o
                0x00000000800012f0                risc_set_interrupts_vector
                0x0000000080001678                risc_disable_interrupts
                0x00000000800016e0                risc_enable_interrupts
                0x00000000800017f4                risc_register_interrupt
                0x0000000080001c84                risc_enable_interrupt
                0x0000000080001e30                risc_disable_interrupt
                0x0000000080001f7c                risc_common_handler
 ./risc_runtime/system.o(.text)
 .text          0x0000000080002224      0x230 ./risc_runtime/system.o
                0x0000000080002224                sys_kernel_pa_to_va
                0x00000000800022a0                sys_kernel_va_to_pa
                0x0000000080002354                get_cpu_clock
                0x00000000800023ec                get_dsp_clock
                0x0000000080002430                _get_cpu_id
 ./risc_runtime/risc_timer.o(.text)
 .text          0x0000000080002454      0x1dc ./risc_runtime/risc_timer.o
                0x0000000080002478                risc_it_setup
                0x0000000080002530                risc_it_start
                0x00000000800025b0                risc_it_stop
 ./main.o(.text)
 .text          0x0000000080002630      0x2d4 ./main.o
                0x0000000080002630                int_handler
                0x00000000800026bc                flash_interrupt_off
                0x000000008000274c                flash_interrupt_on
                0x00000000800027c0                SetCP0_Status
                0x00000000800027f4                main
 .text          0x0000000080002904        0x0 c:/elvees/mcstudio_mc-30sf6_2023.08_66/toolsmgcc/bin/../lib/gcc/mipsel-elf32/4.8.1/crti.o
 .text          0x0000000080002904      0x208 c:/elvees/mcstudio_mc-30sf6_2023.08_66/toolsmgcc/bin/../lib/gcc/mipsel-elf32/4.8.1/crtbegin.o
 *fill*         0x0000000080002b0c       0xf4 
 .text          0x0000000080002c00      0x200 c:/elvees/mcstudio_mc-30sf6_2023.08_66/toolsmgcc/bin/../lib/gcc/mipsel-elf32/4.8.1/../../../../mipsel-elf32/lib/crt0.o
                0x0000000080002c04                _start
                0x0000000080002d80                _exit
 .text          0x0000000080002e00       0x20 c:/elvees/mcstudio_mc-30sf6_2023.08_66/toolsmgcc/bin/../lib/gcc/mipsel-elf32/4.8.1/../../../../mipsel-elf32/lib\libc.a(lib_a-atexit.o)
                0x0000000080002e00                atexit
 .text          0x0000000080002e20       0x64 c:/elvees/mcstudio_mc-30sf6_2023.08_66/toolsmgcc/bin/../lib/gcc/mipsel-elf32/4.8.1/../../../../mipsel-elf32/lib\libc.a(lib_a-exit.o)
                0x0000000080002e20                exit
 .text          0x0000000080002e84        0x0 c:/elvees/mcstudio_mc-30sf6_2023.08_66/toolsmgcc/bin/../lib/gcc/mipsel-elf32/4.8.1/../../../../mipsel-elf32/lib\libc.a(lib_a-impure.o)
 .text          0x0000000080002e84      0x178 c:/elvees/mcstudio_mc-30sf6_2023.08_66/toolsmgcc/bin/../lib/gcc/mipsel-elf32/4.8.1/../../../../mipsel-elf32/lib\libc.a(lib_a-__atexit.o)
                0x0000000080002e84                __register_exitproc
 .text          0x0000000080002ffc      0x218 c:/elvees/mcstudio_mc-30sf6_2023.08_66/toolsmgcc/bin/../lib/gcc/mipsel-elf32/4.8.1/../../../../mipsel-elf32/lib\libc.a(lib_a-__call_atexit.o)
                0x0000000080002ffc                __call_exitprocs
 .text          0x0000000080003214       0x64 c:/elvees/mcstudio_mc-30sf6_2023.08_66/toolsmgcc/bin/../lib/gcc/mipsel-elf32/4.8.1/crtend.o
 .text          0x0000000080003278        0x0 c:/elvees/mcstudio_mc-30sf6_2023.08_66/toolsmgcc/bin/../lib/gcc/mipsel-elf32/4.8.1/crtn.o

.init           0x0000000080003278       0x3c
 .init          0x0000000080003278        0xc c:/elvees/mcstudio_mc-30sf6_2023.08_66/toolsmgcc/bin/../lib/gcc/mipsel-elf32/4.8.1/crti.o
                0x0000000080003278                _init
 .init          0x0000000080003284       0x10 c:/elvees/mcstudio_mc-30sf6_2023.08_66/toolsmgcc/bin/../lib/gcc/mipsel-elf32/4.8.1/crtbegin.o
 .init          0x0000000080003294       0x10 c:/elvees/mcstudio_mc-30sf6_2023.08_66/toolsmgcc/bin/../lib/gcc/mipsel-elf32/4.8.1/crtend.o
 .init          0x00000000800032a4       0x10 c:/elvees/mcstudio_mc-30sf6_2023.08_66/toolsmgcc/bin/../lib/gcc/mipsel-elf32/4.8.1/crtn.o

.fini           0x00000000800032b4       0x2c
 .fini          0x00000000800032b4        0xc c:/elvees/mcstudio_mc-30sf6_2023.08_66/toolsmgcc/bin/../lib/gcc/mipsel-elf32/4.8.1/crti.o
                0x00000000800032b4                _fini
 .fini          0x00000000800032c0       0x10 c:/elvees/mcstudio_mc-30sf6_2023.08_66/toolsmgcc/bin/../lib/gcc/mipsel-elf32/4.8.1/crtbegin.o
 .fini          0x00000000800032d0       0x10 c:/elvees/mcstudio_mc-30sf6_2023.08_66/toolsmgcc/bin/../lib/gcc/mipsel-elf32/4.8.1/crtn.o

.MIPS.abiflags  0x00000000800032e0       0x18
 .MIPS.abiflags
                0x00000000800032e0       0x18 c:/elvees/mcstudio_mc-30sf6_2023.08_66/toolsmgcc/bin/../lib/gcc/mipsel-elf32/4.8.1/crti.o

.eh_frame       0x00000000800032f8        0x4
 .eh_frame      0x00000000800032f8        0x0 c:/elvees/mcstudio_mc-30sf6_2023.08_66/toolsmgcc/bin/../lib/gcc/mipsel-elf32/4.8.1/crtbegin.o
 .eh_frame      0x00000000800032f8        0x4 c:/elvees/mcstudio_mc-30sf6_2023.08_66/toolsmgcc/bin/../lib/gcc/mipsel-elf32/4.8.1/crtend.o

.rodata         0x00000000800032fc        0x4
 .rodata        0x00000000800032fc        0x4 c:/elvees/mcstudio_mc-30sf6_2023.08_66/toolsmgcc/bin/../lib/gcc/mipsel-elf32/4.8.1/../../../../mipsel-elf32/lib\libc.a(lib_a-impure.o)
                0x00000000800032fc                _global_impure_ptr

.rodata.str1.4  0x0000000080003300        0x4
 .rodata.str1.4
                0x0000000080003300        0x4 c:/elvees/mcstudio_mc-30sf6_2023.08_66/toolsmgcc/bin/../lib/gcc/mipsel-elf32/4.8.1/../../../../mipsel-elf32/lib\libc.a(lib_a-impure.o)
                                          0x2 (size before relaxing)

.data           0x0000000080003308      0x730
 ./main.o(.data)
 .data          0x0000000080003308        0x4 ./main.o
                0x0000000080003308                ExitStatus
 ./main.o(.sdata)
 ./main.o(.rodata)
 ./risc_runtime/risc_cp0_timer.o(.data)
 .data          0x000000008000330c        0x0 ./risc_runtime/risc_cp0_timer.o
 ./risc_runtime/risc_cp0_timer.o(.sdata)
 ./risc_runtime/risc_cp0_timer.o(.rodata)
 *fill*         0x000000008000330c        0x4 
 .rodata        0x0000000080003310        0xc ./risc_runtime/risc_cp0_timer.o
 ./risc_runtime/risc_interrupt.o(.data)
 .data          0x000000008000331c      0x2e0 ./risc_runtime/risc_interrupt.o
 ./risc_runtime/risc_interrupt.o(.sdata)
 ./risc_runtime/risc_interrupt.o(.rodata)
 .rodata        0x00000000800035fc       0x18 ./risc_runtime/risc_interrupt.o
 ./risc_runtime/system.o(.data)
 .data          0x0000000080003614        0x0 ./risc_runtime/system.o
 ./risc_runtime/system.o(.sdata)
 ./risc_runtime/system.o(.rodata)
 ./risc_runtime/risc_interrupt_handler.o(.data)
 .data          0x0000000080003614        0x0 ./risc_runtime/risc_interrupt_handler.o
 ./risc_runtime/risc_interrupt_handler.o(.sdata)
 ./risc_runtime/risc_interrupt_handler.o(.rodata)
 ./risc_runtime/risc_timer.o(.data)
 .data          0x0000000080003614        0x0 ./risc_runtime/risc_timer.o
 ./risc_runtime/risc_timer.o(.sdata)
 ./risc_runtime/risc_timer.o(.rodata)
 .data          0x0000000080003614        0x0 c:/elvees/mcstudio_mc-30sf6_2023.08_66/toolsmgcc/bin/../lib/gcc/mipsel-elf32/4.8.1/crti.o
 .data          0x0000000080003614        0x0 c:/elvees/mcstudio_mc-30sf6_2023.08_66/toolsmgcc/bin/../lib/gcc/mipsel-elf32/4.8.1/crtbegin.o
 .data          0x0000000080003614        0x0 c:/elvees/mcstudio_mc-30sf6_2023.08_66/toolsmgcc/bin/../lib/gcc/mipsel-elf32/4.8.1/../../../../mipsel-elf32/lib/crt0.o
 .data          0x0000000080003614        0x0 c:/elvees/mcstudio_mc-30sf6_2023.08_66/toolsmgcc/bin/../lib/gcc/mipsel-elf32/4.8.1/../../../../mipsel-elf32/lib\libc.a(lib_a-atexit.o)
 .data          0x0000000080003614        0x0 c:/elvees/mcstudio_mc-30sf6_2023.08_66/toolsmgcc/bin/../lib/gcc/mipsel-elf32/4.8.1/../../../../mipsel-elf32/lib\libc.a(lib_a-exit.o)
 *fill*         0x0000000080003614        0x4 
 .data          0x0000000080003618      0x420 c:/elvees/mcstudio_mc-30sf6_2023.08_66/toolsmgcc/bin/../lib/gcc/mipsel-elf32/4.8.1/../../../../mipsel-elf32/lib\libc.a(lib_a-impure.o)
                0x0000000080003618                _impure_ptr
 .data          0x0000000080003a38        0x0 c:/elvees/mcstudio_mc-30sf6_2023.08_66/toolsmgcc/bin/../lib/gcc/mipsel-elf32/4.8.1/../../../../mipsel-elf32/lib\libc.a(lib_a-__atexit.o)
 .data          0x0000000080003a38        0x0 c:/elvees/mcstudio_mc-30sf6_2023.08_66/toolsmgcc/bin/../lib/gcc/mipsel-elf32/4.8.1/../../../../mipsel-elf32/lib\libc.a(lib_a-__call_atexit.o)
 .data          0x0000000080003a38        0x0 c:/elvees/mcstudio_mc-30sf6_2023.08_66/toolsmgcc/bin/../lib/gcc/mipsel-elf32/4.8.1/crtend.o
 .data          0x0000000080003a38        0x0 c:/elvees/mcstudio_mc-30sf6_2023.08_66/toolsmgcc/bin/../lib/gcc/mipsel-elf32/4.8.1/crtn.o

.ctors          0x0000000080003a38        0x8
 .ctors         0x0000000080003a38        0x4 c:/elvees/mcstudio_mc-30sf6_2023.08_66/toolsmgcc/bin/../lib/gcc/mipsel-elf32/4.8.1/crtbegin.o
 .ctors         0x0000000080003a3c        0x4 c:/elvees/mcstudio_mc-30sf6_2023.08_66/toolsmgcc/bin/../lib/gcc/mipsel-elf32/4.8.1/crtend.o

.dtors          0x0000000080003a40        0x8
 .dtors         0x0000000080003a40        0x4 c:/elvees/mcstudio_mc-30sf6_2023.08_66/toolsmgcc/bin/../lib/gcc/mipsel-elf32/4.8.1/crtbegin.o
 .dtors         0x0000000080003a44        0x4 c:/elvees/mcstudio_mc-30sf6_2023.08_66/toolsmgcc/bin/../lib/gcc/mipsel-elf32/4.8.1/crtend.o
                0x0000000080003a44                __DTOR_END__

.jcr            0x0000000080003a48        0x4
 .jcr           0x0000000080003a48        0x0 c:/elvees/mcstudio_mc-30sf6_2023.08_66/toolsmgcc/bin/../lib/gcc/mipsel-elf32/4.8.1/crtbegin.o
 .jcr           0x0000000080003a48        0x4 c:/elvees/mcstudio_mc-30sf6_2023.08_66/toolsmgcc/bin/../lib/gcc/mipsel-elf32/4.8.1/crtend.o

.tm_clone_table
                0x0000000080003a4c        0x0
 .tm_clone_table
                0x0000000080003a4c        0x0 c:/elvees/mcstudio_mc-30sf6_2023.08_66/toolsmgcc/bin/../lib/gcc/mipsel-elf32/4.8.1/crtbegin.o
 .tm_clone_table
                0x0000000080003a4c        0x0 c:/elvees/mcstudio_mc-30sf6_2023.08_66/toolsmgcc/bin/../lib/gcc/mipsel-elf32/4.8.1/crtend.o

.sdata          0x0000000080003a4c        0x4
 .sdata         0x0000000080003a4c        0x4 c:/elvees/mcstudio_mc-30sf6_2023.08_66/toolsmgcc/bin/../lib/gcc/mipsel-elf32/4.8.1/crtbegin.o
                0x0000000080003a4c                __dso_handle

.DSPX_tmp       0x0000000080003a50       0x10
 *(.DSP0_tmp)
 .DSP0_tmp      0x0000000080003a50        0x4 __DSP0__.o
 *(.DSP1_tmp)
 .DSP1_tmp      0x0000000080003a54        0x4 __DSP1__.o
 *(.DSP2_tmp)
 .DSP2_tmp      0x0000000080003a58        0x4 __DSP2__.o
 *(.DSP3_tmp)
 .DSP3_tmp      0x0000000080003a5c        0x4 __DSP3__.o
                0x0000000080003a60                _gp = ALIGN (0x8)

.lit4
 *(.lit4)
                0x0000000080003a60                . = ALIGN (0x8)
                [!provide]                        PROVIDE (edata, .)
                0x0000000080003a60                _edata = .
                0x0000000080003a60                _fbss = .

.sbss           0x0000000080003a60        0x8
 *(.sbss)
 *(.scommon)
 .scommon       0x0000000080003a60        0x8 ./risc_runtime/risc_cp0_timer.o
                0x0000000080003a60                finimsec
                0x0000000080003a64                startmsec
 *(*ABS*)

.bss            0x0000000080003a68       0x34
                0x0000000080003a68                _bss_start = .
 *(.bss)
 .bss           0x0000000080003a68        0x0 c:/elvees/mcstudio_mc-30sf6_2023.08_66/toolsmgcc/bin/../lib/gcc/mipsel-elf32/4.8.1/crti.o
 .bss           0x0000000080003a68       0x20 c:/elvees/mcstudio_mc-30sf6_2023.08_66/toolsmgcc/bin/../lib/gcc/mipsel-elf32/4.8.1/crtbegin.o
 .bss           0x0000000080003a88        0x0 c:/elvees/mcstudio_mc-30sf6_2023.08_66/toolsmgcc/bin/../lib/gcc/mipsel-elf32/4.8.1/../../../../mipsel-elf32/lib/crt0.o
 .bss           0x0000000080003a88        0x4 ./risc_runtime/risc_cp0_timer.o
                0x0000000080003a88                _risc_cp0_clk_counter
 .bss           0x0000000080003a8c        0x0 ./risc_runtime/risc_interrupt.o
 .bss           0x0000000080003a8c        0x0 ./risc_runtime/risc_interrupt_handler.o
 .bss           0x0000000080003a8c        0x4 ./risc_runtime/risc_timer.o
                0x0000000080003a8c                _risc_clk_counter
 .bss           0x0000000080003a90        0x0 ./risc_runtime/system.o
 .bss           0x0000000080003a90        0xc ./main.o
                0x0000000080003a90                int_t
                0x0000000080003a94                interrupt_counter_it0
                0x0000000080003a98                interrupt_counter_it1
 .bss           0x0000000080003a9c        0x0 c:/elvees/mcstudio_mc-30sf6_2023.08_66/toolsmgcc/bin/../lib/gcc/mipsel-elf32/4.8.1/../../../../mipsel-elf32/lib\libc.a(lib_a-atexit.o)
 .bss           0x0000000080003a9c        0x0 c:/elvees/mcstudio_mc-30sf6_2023.08_66/toolsmgcc/bin/../lib/gcc/mipsel-elf32/4.8.1/../../../../mipsel-elf32/lib\libc.a(lib_a-exit.o)
 .bss           0x0000000080003a9c        0x0 c:/elvees/mcstudio_mc-30sf6_2023.08_66/toolsmgcc/bin/../lib/gcc/mipsel-elf32/4.8.1/../../../../mipsel-elf32/lib\libc.a(lib_a-impure.o)
 .bss           0x0000000080003a9c        0x0 c:/elvees/mcstudio_mc-30sf6_2023.08_66/toolsmgcc/bin/../lib/gcc/mipsel-elf32/4.8.1/../../../../mipsel-elf32/lib\libc.a(lib_a-__atexit.o)
 .bss           0x0000000080003a9c        0x0 c:/elvees/mcstudio_mc-30sf6_2023.08_66/toolsmgcc/bin/../lib/gcc/mipsel-elf32/4.8.1/../../../../mipsel-elf32/lib\libc.a(lib_a-__call_atexit.o)
 .bss           0x0000000080003a9c        0x0 c:/elvees/mcstudio_mc-30sf6_2023.08_66/toolsmgcc/bin/../lib/gcc/mipsel-elf32/4.8.1/crtend.o
 .bss           0x0000000080003a9c        0x0 c:/elvees/mcstudio_mc-30sf6_2023.08_66/toolsmgcc/bin/../lib/gcc/mipsel-elf32/4.8.1/crtn.o
 *(COMMON)
                0x0000000080004a9c                . = (. + 0x1000)
                0x0000000080004aa0                PROVIDE (__stack, ALIGN (0x8))
                0x0000000080004aac                . = (. + 0x10)
                0x0000000080004ab0                PROVIDE (_end, ALIGN (0x8))
                0x0000000080004aac                end = .
                0x00000000b8400000                . = 0xb8400000

.DSP0_data

.DSP0_bss
 *(.DSP0_bss)
                0x00000000b8440000                . = 0xb8440000

.DSP0_text
                0x00000000b8800000                . = 0xb8800000

.DSP1_data

.DSP1_bss
 *(.DSP1_bss)
                0x00000000b8840000                . = 0xb8840000

.DSP1_text
                0x00000000b8c00000                . = 0xb8c00000

.DSP2_data

.DSP2_bss
 *(.DSP2_bss)
                0x00000000b8c40000                . = 0xb8c40000

.DSP2_text
                0x00000000b9000000                . = 0xb9000000

.DSP3_data

.DSP3_bss
 *(.DSP3_bss)
                0x00000000b9040000                . = 0xb9040000

.DSP3_text
OUTPUT(sample_itimer_led.elf elf32-littlemips)

.reginfo        0x0000000000000000       0x18
 .reginfo       0x0000000000000000       0x18 c:/elvees/mcstudio_mc-30sf6_2023.08_66/toolsmgcc/bin/../lib/gcc/mipsel-elf32/4.8.1/crti.o

.pdr            0x0000000000000000      0x4e0
 .pdr           0x0000000000000000        0x0 c:/elvees/mcstudio_mc-30sf6_2023.08_66/toolsmgcc/bin/../lib/gcc/mipsel-elf32/4.8.1/crti.o
 .pdr           0x0000000000000000        0x0 c:/elvees/mcstudio_mc-30sf6_2023.08_66/toolsmgcc/bin/../lib/gcc/mipsel-elf32/4.8.1/crtbegin.o
 .pdr           0x0000000000000000       0x80 c:/elvees/mcstudio_mc-30sf6_2023.08_66/toolsmgcc/bin/../lib/gcc/mipsel-elf32/4.8.1/../../../../mipsel-elf32/lib/crt0.o
 .pdr           0x0000000000000080       0xe0 ./risc_runtime/risc_cp0_timer.o
 .pdr           0x0000000000000160      0x140 ./risc_runtime/risc_interrupt.o
 .pdr           0x00000000000002a0        0x0 ./risc_runtime/risc_interrupt_handler.o
 .pdr           0x00000000000002a0       0x80 ./risc_runtime/risc_timer.o
 .pdr           0x0000000000000320       0xa0 ./risc_runtime/system.o
 .pdr           0x00000000000003c0       0xa0 ./main.o
 .pdr           0x0000000000000460       0x20 c:/elvees/mcstudio_mc-30sf6_2023.08_66/toolsmgcc/bin/../lib/gcc/mipsel-elf32/4.8.1/../../../../mipsel-elf32/lib\libc.a(lib_a-atexit.o)
 .pdr           0x0000000000000480       0x20 c:/elvees/mcstudio_mc-30sf6_2023.08_66/toolsmgcc/bin/../lib/gcc/mipsel-elf32/4.8.1/../../../../mipsel-elf32/lib\libc.a(lib_a-exit.o)
 .pdr           0x00000000000004a0        0x0 c:/elvees/mcstudio_mc-30sf6_2023.08_66/toolsmgcc/bin/../lib/gcc/mipsel-elf32/4.8.1/../../../../mipsel-elf32/lib\libc.a(lib_a-impure.o)
 .pdr           0x00000000000004a0       0x20 c:/elvees/mcstudio_mc-30sf6_2023.08_66/toolsmgcc/bin/../lib/gcc/mipsel-elf32/4.8.1/../../../../mipsel-elf32/lib\libc.a(lib_a-__atexit.o)
 .pdr           0x00000000000004c0       0x20 c:/elvees/mcstudio_mc-30sf6_2023.08_66/toolsmgcc/bin/../lib/gcc/mipsel-elf32/4.8.1/../../../../mipsel-elf32/lib\libc.a(lib_a-__call_atexit.o)
 .pdr           0x00000000000004e0        0x0 c:/elvees/mcstudio_mc-30sf6_2023.08_66/toolsmgcc/bin/../lib/gcc/mipsel-elf32/4.8.1/crtend.o
 .pdr           0x00000000000004e0        0x0 c:/elvees/mcstudio_mc-30sf6_2023.08_66/toolsmgcc/bin/../lib/gcc/mipsel-elf32/4.8.1/crtn.o

.gnu.attributes
                0x0000000000000000       0x10
 .gnu.attributes
                0x0000000000000000       0x10 c:/elvees/mcstudio_mc-30sf6_2023.08_66/toolsmgcc/bin/../lib/gcc/mipsel-elf32/4.8.1/crti.o
 .gnu.attributes
                0x0000000000000010       0x10 c:/elvees/mcstudio_mc-30sf6_2023.08_66/toolsmgcc/bin/../lib/gcc/mipsel-elf32/4.8.1/crtbegin.o
 .gnu.attributes
                0x0000000000000020       0x10 c:/elvees/mcstudio_mc-30sf6_2023.08_66/toolsmgcc/bin/../lib/gcc/mipsel-elf32/4.8.1/../../../../mipsel-elf32/lib/crt0.o
 .gnu.attributes
                0x0000000000000030       0x10 ./risc_runtime/risc_cp0_timer.o
 .gnu.attributes
                0x0000000000000040       0x10 ./risc_runtime/risc_interrupt.o
 .gnu.attributes
                0x0000000000000050       0x10 ./risc_runtime/risc_interrupt_handler.o
 .gnu.attributes
                0x0000000000000060       0x10 ./risc_runtime/risc_timer.o
 .gnu.attributes
                0x0000000000000070       0x10 ./risc_runtime/system.o
 .gnu.attributes
                0x0000000000000080       0x10 ./main.o
 .gnu.attributes
                0x0000000000000090       0x10 c:/elvees/mcstudio_mc-30sf6_2023.08_66/toolsmgcc/bin/../lib/gcc/mipsel-elf32/4.8.1/../../../../mipsel-elf32/lib\libc.a(lib_a-atexit.o)
 .gnu.attributes
                0x00000000000000a0       0x10 c:/elvees/mcstudio_mc-30sf6_2023.08_66/toolsmgcc/bin/../lib/gcc/mipsel-elf32/4.8.1/../../../../mipsel-elf32/lib\libc.a(lib_a-exit.o)
 .gnu.attributes
                0x00000000000000b0       0x10 c:/elvees/mcstudio_mc-30sf6_2023.08_66/toolsmgcc/bin/../lib/gcc/mipsel-elf32/4.8.1/../../../../mipsel-elf32/lib\libc.a(lib_a-impure.o)
 .gnu.attributes
                0x00000000000000c0       0x10 c:/elvees/mcstudio_mc-30sf6_2023.08_66/toolsmgcc/bin/../lib/gcc/mipsel-elf32/4.8.1/../../../../mipsel-elf32/lib\libc.a(lib_a-__atexit.o)
 .gnu.attributes
                0x00000000000000d0       0x10 c:/elvees/mcstudio_mc-30sf6_2023.08_66/toolsmgcc/bin/../lib/gcc/mipsel-elf32/4.8.1/../../../../mipsel-elf32/lib\libc.a(lib_a-__call_atexit.o)
 .gnu.attributes
                0x00000000000000e0       0x10 c:/elvees/mcstudio_mc-30sf6_2023.08_66/toolsmgcc/bin/../lib/gcc/mipsel-elf32/4.8.1/crtend.o
 .gnu.attributes
                0x00000000000000f0       0x10 c:/elvees/mcstudio_mc-30sf6_2023.08_66/toolsmgcc/bin/../lib/gcc/mipsel-elf32/4.8.1/crtn.o

.mdebug.abi32   0x0000000000000000        0x0
 .mdebug.abi32  0x0000000000000000        0x0 c:/elvees/mcstudio_mc-30sf6_2023.08_66/toolsmgcc/bin/../lib/gcc/mipsel-elf32/4.8.1/crtbegin.o
 .mdebug.abi32  0x0000000000000000        0x0 ./risc_runtime/risc_cp0_timer.o
 .mdebug.abi32  0x0000000000000000        0x0 ./risc_runtime/risc_interrupt.o
 .mdebug.abi32  0x0000000000000000        0x0 ./risc_runtime/risc_timer.o
 .mdebug.abi32  0x0000000000000000        0x0 ./risc_runtime/system.o
 .mdebug.abi32  0x0000000000000000        0x0 ./main.o
 .mdebug.abi32  0x0000000000000000        0x0 c:/elvees/mcstudio_mc-30sf6_2023.08_66/toolsmgcc/bin/../lib/gcc/mipsel-elf32/4.8.1/../../../../mipsel-elf32/lib\libc.a(lib_a-atexit.o)
 .mdebug.abi32  0x0000000000000000        0x0 c:/elvees/mcstudio_mc-30sf6_2023.08_66/toolsmgcc/bin/../lib/gcc/mipsel-elf32/4.8.1/../../../../mipsel-elf32/lib\libc.a(lib_a-exit.o)
 .mdebug.abi32  0x0000000000000000        0x0 c:/elvees/mcstudio_mc-30sf6_2023.08_66/toolsmgcc/bin/../lib/gcc/mipsel-elf32/4.8.1/../../../../mipsel-elf32/lib\libc.a(lib_a-impure.o)
 .mdebug.abi32  0x0000000000000000        0x0 c:/elvees/mcstudio_mc-30sf6_2023.08_66/toolsmgcc/bin/../lib/gcc/mipsel-elf32/4.8.1/../../../../mipsel-elf32/lib\libc.a(lib_a-__atexit.o)
 .mdebug.abi32  0x0000000000000000        0x0 c:/elvees/mcstudio_mc-30sf6_2023.08_66/toolsmgcc/bin/../lib/gcc/mipsel-elf32/4.8.1/../../../../mipsel-elf32/lib\libc.a(lib_a-__call_atexit.o)
 .mdebug.abi32  0x0000000000000000        0x0 c:/elvees/mcstudio_mc-30sf6_2023.08_66/toolsmgcc/bin/../lib/gcc/mipsel-elf32/4.8.1/crtend.o

.comment        0x0000000000000000       0x11
 .comment       0x0000000000000000       0x11 c:/elvees/mcstudio_mc-30sf6_2023.08_66/toolsmgcc/bin/../lib/gcc/mipsel-elf32/4.8.1/crtbegin.o
                                         0x12 (size before relaxing)
 .comment       0x0000000000000011       0x12 ./risc_runtime/risc_cp0_timer.o
 .comment       0x0000000000000011       0x12 ./risc_runtime/risc_interrupt.o
 .comment       0x0000000000000011       0x12 ./risc_runtime/risc_timer.o
 .comment       0x0000000000000011       0x12 ./risc_runtime/system.o
 .comment       0x0000000000000011       0x12 ./main.o
 .comment       0x0000000000000011       0x12 c:/elvees/mcstudio_mc-30sf6_2023.08_66/toolsmgcc/bin/../lib/gcc/mipsel-elf32/4.8.1/../../../../mipsel-elf32/lib\libc.a(lib_a-atexit.o)
 .comment       0x0000000000000011       0x12 c:/elvees/mcstudio_mc-30sf6_2023.08_66/toolsmgcc/bin/../lib/gcc/mipsel-elf32/4.8.1/../../../../mipsel-elf32/lib\libc.a(lib_a-exit.o)
 .comment       0x0000000000000011       0x12 c:/elvees/mcstudio_mc-30sf6_2023.08_66/toolsmgcc/bin/../lib/gcc/mipsel-elf32/4.8.1/../../../../mipsel-elf32/lib\libc.a(lib_a-impure.o)
 .comment       0x0000000000000011       0x12 c:/elvees/mcstudio_mc-30sf6_2023.08_66/toolsmgcc/bin/../lib/gcc/mipsel-elf32/4.8.1/../../../../mipsel-elf32/lib\libc.a(lib_a-__atexit.o)
 .comment       0x0000000000000011       0x12 c:/elvees/mcstudio_mc-30sf6_2023.08_66/toolsmgcc/bin/../lib/gcc/mipsel-elf32/4.8.1/../../../../mipsel-elf32/lib\libc.a(lib_a-__call_atexit.o)
 .comment       0x0000000000000011       0x12 c:/elvees/mcstudio_mc-30sf6_2023.08_66/toolsmgcc/bin/../lib/gcc/mipsel-elf32/4.8.1/crtend.o

.debug_info     0x0000000000000000     0x1149
 .debug_info    0x0000000000000000      0x1af ./risc_runtime/risc_cp0_timer.o
 .debug_info    0x00000000000001af      0x842 ./risc_runtime/risc_interrupt.o
 .debug_info    0x00000000000009f1       0xb2 ./risc_runtime/risc_interrupt_handler.o
 .debug_info    0x0000000000000aa3      0x10e ./risc_runtime/risc_timer.o
 .debug_info    0x0000000000000bb1       0xe8 ./risc_runtime/system.o
 .debug_info    0x0000000000000c99      0x4b0 ./main.o

.debug_abbrev   0x0000000000000000      0x4f5
 .debug_abbrev  0x0000000000000000       0xf8 ./risc_runtime/risc_cp0_timer.o
 .debug_abbrev  0x00000000000000f8      0x1b2 ./risc_runtime/risc_interrupt.o
 .debug_abbrev  0x00000000000002aa       0x14 ./risc_runtime/risc_interrupt_handler.o
 .debug_abbrev  0x00000000000002be       0x89 ./risc_runtime/risc_timer.o
 .debug_abbrev  0x0000000000000347       0x80 ./risc_runtime/system.o
 .debug_abbrev  0x00000000000003c7      0x12e ./main.o

.debug_loc      0x0000000000000000      0x83c
 .debug_loc     0x0000000000000000      0x1dc ./risc_runtime/risc_cp0_timer.o
 .debug_loc     0x00000000000001dc      0x2a8 ./risc_runtime/risc_interrupt.o
 .debug_loc     0x0000000000000484      0x110 ./risc_runtime/risc_timer.o
 .debug_loc     0x0000000000000594      0x154 ./risc_runtime/system.o
 .debug_loc     0x00000000000006e8      0x154 ./main.o

.debug_aranges  0x0000000000000000       0xc0
 .debug_aranges
                0x0000000000000000       0x20 ./risc_runtime/risc_cp0_timer.o
 .debug_aranges
                0x0000000000000020       0x20 ./risc_runtime/risc_interrupt.o
 .debug_aranges
                0x0000000000000040       0x20 ./risc_runtime/risc_interrupt_handler.o
 .debug_aranges
                0x0000000000000060       0x20 ./risc_runtime/risc_timer.o
 .debug_aranges
                0x0000000000000080       0x20 ./risc_runtime/system.o
 .debug_aranges
                0x00000000000000a0       0x20 ./main.o

.debug_line     0x0000000000000000      0x527
 .debug_line    0x0000000000000000       0x80 ./risc_runtime/risc_cp0_timer.o
 .debug_line    0x0000000000000080      0x22d ./risc_runtime/risc_interrupt.o
 .debug_line    0x00000000000002ad       0xad ./risc_runtime/risc_interrupt_handler.o
 .debug_line    0x000000000000035a       0x70 ./risc_runtime/risc_timer.o
 .debug_line    0x00000000000003ca       0x99 ./risc_runtime/system.o
 .debug_line    0x0000000000000463       0xc4 ./main.o

.debug_str      0x0000000000000000      0xcd8
 .debug_str     0x0000000000000000      0x1e2 ./risc_runtime/risc_cp0_timer.o
                                        0x207 (size before relaxing)
 .debug_str     0x00000000000001e2      0x96e ./risc_runtime/risc_interrupt.o
                                        0xac6 (size before relaxing)
 .debug_str     0x0000000000000b50       0x70 ./risc_runtime/risc_timer.o
                                        0x1a9 (size before relaxing)
 .debug_str     0x0000000000000bc0       0x69 ./risc_runtime/system.o
                                        0x19c (size before relaxing)
 .debug_str     0x0000000000000c29       0xaf ./main.o
                                        0xa0a (size before relaxing)

.debug_frame    0x0000000000000000      0x4d4
 .debug_frame   0x0000000000000000      0x114 ./risc_runtime/risc_cp0_timer.o
 .debug_frame   0x0000000000000114      0x184 ./risc_runtime/risc_interrupt.o
 .debug_frame   0x0000000000000298       0xa0 ./risc_runtime/risc_timer.o
 .debug_frame   0x0000000000000338       0xc8 ./risc_runtime/system.o
 .debug_frame   0x0000000000000400       0xd4 ./main.o
